#-----------------------------------------------------------
# Vivado v2023.2 (64-bit)
# SW Build 4029153 on Fri Oct 13 20:14:34 MDT 2023
# IP Build 4028589 on Sat Oct 14 00:45:43 MDT 2023
# SharedData Build 4025554 on Tue Oct 10 17:18:54 MDT 2023
# Start of session at: Thu Oct  3 13:41:07 2024
# Process ID: 53068
# Current directory: C:/Users/utente/Desktop/Magistrale/Electronics/Bethe_Block/project_1
# Command line: vivado.exe -gui_launcher_event rodinguilauncherevent41584 C:\Users\utente\Desktop\Magistrale\Electronics\Bethe_Block\project_1\project_1.xpr
# Log file: C:/Users/utente/Desktop/Magistrale/Electronics/Bethe_Block/project_1/vivado.log
# Journal file: C:/Users/utente/Desktop/Magistrale/Electronics/Bethe_Block/project_1\vivado.jou
# Running On: MSI, OS: Windows, CPU Frequency: 2918 MHz, CPU Physical cores: 14, Host memory: 68406 MB
#-----------------------------------------------------------
start_gui
open_project C:/Users/utente/Desktop/Magistrale/Electronics/Bethe_Block/project_1/project_1.xpr
WARNING: [Board 49-26] cannot add Board Part xilinx.com:vek280_es:part0:1.0 available at C:/Users/utente/Desktop/Xilinx/Vivado/2023.2/data/xhub/boards/XilinxBoardStore/boards/Xilinx/vek280/es/rev_a/1.0/board.xml as part xcve2802-vsvh1760-2lp-e-s-es1 specified in board_part file is either invalid or not available
WARNING: [Board 49-26] cannot add Board Part xilinx.com:vek280_es:part0:1.1 available at C:/Users/utente/Desktop/Xilinx/Vivado/2023.2/data/xhub/boards/XilinxBoardStore/boards/Xilinx/vek280/es/rev_a/1.1/board.xml as part xcve2802-vsvh1760-2lp-e-s-es1 specified in board_part file is either invalid or not available
WARNING: [Board 49-26] cannot add Board Part xilinx.com:vek280_es_revb:part0:1.0 available at C:/Users/utente/Desktop/Xilinx/Vivado/2023.2/data/xhub/boards/XilinxBoardStore/boards/Xilinx/vek280/es/rev_b/1.0/board.xml as part xcve2802-vsvh1760-2mp-e-s-es1 specified in board_part file is either invalid or not available
WARNING: [Board 49-26] cannot add Board Part xilinx.com:vek280_es_revb:part0:1.1 available at C:/Users/utente/Desktop/Xilinx/Vivado/2023.2/data/xhub/boards/XilinxBoardStore/boards/Xilinx/vek280/es/rev_b/1.1/board.xml as part xcve2802-vsvh1760-2mp-e-s-es1 specified in board_part file is either invalid or not available
WARNING: [Board 49-26] cannot add Board Part xilinx.com:vhk158_es:part0:1.0 available at C:/Users/utente/Desktop/Xilinx/Vivado/2023.2/data/xhub/boards/XilinxBoardStore/boards/Xilinx/vhk158/es/1.0/board.xml as part xcvh1582-vsva3697-2mp-e-s-es1 specified in board_part file is either invalid or not available
WARNING: [Board 49-26] cannot add Board Part xilinx.com:vhk158_es:part0:1.1 available at C:/Users/utente/Desktop/Xilinx/Vivado/2023.2/data/xhub/boards/XilinxBoardStore/boards/Xilinx/vhk158/es/1.1/board.xml as part xcvh1582-vsva3697-2mp-e-s-es1 specified in board_part file is either invalid or not available
WARNING: [Board 49-26] cannot add Board Part xilinx.com:zcu208ld:part0:2.0 available at C:/Users/utente/Desktop/Xilinx/Vivado/2023.2/data/xhub/boards/XilinxBoardStore/boards/Xilinx/zcu208ld/production/2.0/board.xml as part xczu58dr-fsvg1517-2-i specified in board_part file is either invalid or not available
WARNING: [Board 49-26] cannot add Board Part xilinx.com:zcu216ld:part0:2.0 available at C:/Users/utente/Desktop/Xilinx/Vivado/2023.2/data/xhub/boards/XilinxBoardStore/boards/Xilinx/zcu216ld/production/2.0/board.xml as part xczu59dr-ffvf1760-2-i specified in board_part file is either invalid or not available
WARNING: [Board 49-26] cannot add Board Part xilinx.com:zcu670:part0:2.0 available at C:/Users/utente/Desktop/Xilinx/Vivado/2023.2/data/xhub/boards/XilinxBoardStore/boards/Xilinx/zcu670/2.0/board.xml as part xczu67dr-fsve1156-2-i specified in board_part file is either invalid or not available
WARNING: [Board 49-26] cannot add Board Part xilinx.com:zcu670ld:part0:1.0 available at C:/Users/utente/Desktop/Xilinx/Vivado/2023.2/data/xhub/boards/XilinxBoardStore/boards/Xilinx/zcu670ld/1.0/board.xml as part xczu57dr-fsve1156-2-i specified in board_part file is either invalid or not available
INFO: [filemgmt 56-3] Default IP Output Path : Could not find the directory 'C:/Users/utente/Desktop/Magistrale/Electronics/Bethe_Block/project_1/project_1.gen/sources_1'.
Scanning sources...
Finished scanning sources
INFO: [IP_Flow 19-234] Refreshing IP repositories
INFO: [IP_Flow 19-1704] No user IP repositories specified
INFO: [IP_Flow 19-2313] Loaded Vivado IP repository 'C:/Users/utente/Desktop/Xilinx/Vivado/2023.2/data/ip'.
open_project: Time (s): cpu = 00:00:04 ; elapsed = 00:00:09 . Memory (MB): peak = 1750.305 ; gain = 282.879
update_compile_order -fileset sources_1
exit
INFO: [Common 17-206] Exiting Vivado at Thu Oct  3 13:57:25 2024...
n-the-fly" syntax checking information may be incorrect. [C:\Users\utente\Desktop\Magistrale\Electronics\Bethe_Block\project_1\project_1.srcs\sim_1\new\TB_multiplier.vhd:]
WARNING: [filemgmt 56-199] Attempt to get parsing info during refresh. "On-the-fly" syntax checking information may be incorrect. [C:\Users\utente\Desktop\Magistrale\Electronics\Bethe_Block\project_1\project_1.srcs\sources_1\new\Multiply.vhd:]
ERROR: [Common 17-180] Spawn failed: No error
WARNING: [filemgmt 56-199] Attempt to get parsing info during refresh. "On-the-fly" syntax checking information may be incorrect. [C:\Users\utente\Desktop\Magistrale\Electronics\Bethe_Block\project_1\project_1.srcs\sim_1\new\TB_multiplier.vhd:]
WARNING: [filemgmt 56-199] Attempt to get parsing info during refresh. "On-the-fly" syntax checking information may be incorrect. [C:\Users\utente\Desktop\Magistrale\Electronics\Bethe_Block\project_1\project_1.srcs\sources_1\new\Multiply.vhd:]
ERROR: [Common 17-180] Spawn failed: No error
WARNING: [filemgmt 56-199] Attempt to get parsing info during refresh. "On-the-fly" syntax checking information may be incorrect. [C:\Users\utente\Desktop\Magistrale\Electronics\Bethe_Block\project_1\project_1.srcs\sim_1\new\TB_multiplier.vhd:]
WARNING: [filemgmt 56-199] Attempt to get parsing info during refresh. "On-the-fly" syntax checking information may be incorrect. [C:\Users\utente\Desktop\Magistrale\Electronics\Bethe_Block\project_1\project_1.srcs\sources_1\new\Multiply.vhd:]
ERROR: [Common 17-180] Spawn failed: No error
launch_simulation
Command: launch_simulation 
INFO: [Vivado 12-12493] Simulation top is 'TB_multiplier'
WARNING: [Vivado 12-13340] Unable to auto find GCC executables from simulator install path! (path not set)
INFO: [Vivado 12-5682] Launching behavioral simulation in 'C:/Users/utente/Desktop/Magistrale/Electronics/Bethe_Block/project_1/project_1.sim/sim_1/behav/xsim'
INFO: [SIM-utils-51] Simulation object is 'sim_1'
INFO: [SIM-utils-72] Using boost library from 'C:/Users/utente/Desktop/Xilinx/Vivado/2023.2/tps/boost_1_72_0'
INFO: [SIM-utils-54] Inspecting design source files for 'TB_multiplier' in fileset 'sim_1'...
INFO: [USF-XSim-97] Finding global include files...
INFO: [USF-XSim-98] Fetching design files from 'sim_1'...
INFO: [USF-XSim-2] XSim::Compile design
INFO: [USF-XSim-61] Executing 'COMPILE and ANALYZE' step in 'C:/Users/utente/Desktop/Magistrale/Electronics/Bethe_Block/project_1/project_1.sim/sim_1/behav/xsim'
"xvhdl --incr --relax -prj TB_multiplier_vhdl.prj"
INFO: [VRFC 10-163] Analyzing VHDL file "C:/Users/utente/Desktop/Magistrale/Electronics/Bethe_Block/project_1/project_1.srcs/sim_1/new/TB_multiplier.vhd" into library xil_defaultlib
INFO: [VRFC 10-3107] analyzing entity 'TB_multiplier'
ERROR: [VRFC 10-4982] syntax error near 'wait' [C:/Users/utente/Desktop/Magistrale/Electronics/Bethe_Block/project_1/project_1.srcs/sim_1/new/TB_multiplier.vhd:53]
ERROR: [VRFC 10-9458] unit 'behavioral' is ignored due to previous errors [C:/Users/utente/Desktop/Magistrale/Electronics/Bethe_Block/project_1/project_1.srcs/sim_1/new/TB_multiplier.vhd:17]
INFO: [VRFC 10-8704] VHDL file 'C:/Users/utente/Desktop/Magistrale/Electronics/Bethe_Block/project_1/project_1.srcs/sim_1/new/TB_multiplier.vhd' is ignored due to errors
INFO: [USF-XSim-69] 'compile' step finished in '2' seconds
INFO: [USF-XSim-99] Step results log file:'C:/Users/utente/Desktop/Magistrale/Electronics/Bethe_Block/project_1/project_1.sim/sim_1/behav/xsim/xvhdl.log'
ERROR: [USF-XSim-62] 'compile' step failed with error(s). Please check the Tcl console output or 'C:/Users/utente/Desktop/Magistrale/Electronics/Bethe_Block/project_1/project_1.sim/sim_1/behav/xsim/xvhdl.log' file for more information.
ERROR: [Vivado 12-4473] Detected error while running simulation. Please correct the issue and retry this operation.
ERROR: [Common 17-39] 'launch_simulation' failed due to earlier errors.
launch_simulation
Command: launch_simulation 
INFO: [Vivado 12-12493] Simulation top is 'TB_multiplier'
WARNING: [Vivado 12-13340] Unable to auto find GCC executables from simulator install path! (path not set)
INFO: [Vivado 12-5682] Launching behavioral simulation in 'C:/Users/utente/Desktop/Magistrale/Electronics/Bethe_Block/project_1/project_1.sim/sim_1/behav/xsim'
INFO: [SIM-utils-51] Simulation object is 'sim_1'
INFO: [SIM-utils-72] Using boost library from 'C:/Users/utente/Desktop/Xilinx/Vivado/2023.2/tps/boost_1_72_0'
INFO: [SIM-utils-54] Inspecting design source files for 'TB_multiplier' in fileset 'sim_1'...
INFO: [USF-XSim-97] Finding global include files...
INFO: [USF-XSim-98] Fetching design files from 'sim_1'...
INFO: [USF-XSim-2] XSim::Compile design
INFO: [USF-XSim-61] Executing 'COMPILE and ANALYZE' step in 'C:/Users/utente/Desktop/Magistrale/Electronics/Bethe_Block/project_1/project_1.sim/sim_1/behav/xsim'
"xvhdl --incr --relax -prj TB_multiplier_vhdl.prj"
INFO: [VRFC 10-163] Analyzing VHDL file "C:/Users/utente/Desktop/Magistrale/Electronics/Bethe_Block/project_1/project_1.srcs/sim_1/new/TB_multiplier.vhd" into library xil_defaultlib
INFO: [VRFC 10-3107] analyzing entity 'TB_multiplier'
ERROR: [VRFC 10-4982] syntax error near 'wait' [C:/Users/utente/Desktop/Magistrale/Electronics/Bethe_Block/project_1/project_1.srcs/sim_1/new/TB_multiplier.vhd:53]
ERROR: [VRFC 10-9458] unit 'behavioral' is ignored due to previous errors [C:/Users/utente/Desktop/Magistrale/Electronics/Bethe_Block/project_1/project_1.srcs/sim_1/new/TB_multiplier.vhd:17]
INFO: [VRFC 10-8704] VHDL file 'C:/Users/utente/Desktop/Magistrale/Electronics/Bethe_Block/project_1/project_1.srcs/sim_1/new/TB_multiplier.vhd' is ignored due to errors
INFO: [USF-XSim-69] 'compile' step finished in '2' seconds
INFO: [USF-XSim-99] Step results log file:'C:/Users/utente/Desktop/Magistrale/Electronics/Bethe_Block/project_1/project_1.sim/sim_1/behav/xsim/xvhdl.log'
ERROR: [USF-XSim-62] 'compile' step failed with error(s). Please check the Tcl console output or 'C:/Users/utente/Desktop/Magistrale/Electronics/Bethe_Block/project_1/project_1.sim/sim_1/behav/xsim/xvhdl.log' file for more information.
ERROR: [Vivado 12-4473] Detected error while running simulation. Please correct the issue and retry this operation.
ERROR: [Common 17-39] 'launch_simulation' failed due to earlier errors.
launch_simulation
Command: launch_simulation 
INFO: [Vivado 12-12493] Simulation top is 'TB_multiplier'
WARNING: [Vivado 12-13340] Unable to auto find GCC executables from simulator install path! (path not set)
INFO: [Vivado 12-5682] Launching behavioral simulation in 'C:/Users/utente/Desktop/Magistrale/Electronics/Bethe_Block/project_1/project_1.sim/sim_1/behav/xsim'
INFO: [SIM-utils-51] Simulation object is 'sim_1'
INFO: [SIM-utils-72] Using boost library from 'C:/Users/utente/Desktop/Xilinx/Vivado/2023.2/tps/boost_1_72_0'
INFO: [SIM-utils-54] Inspecting design source files for 'TB_multiplier' in fileset 'sim_1'...
INFO: [USF-XSim-97] Finding global include files...
INFO: [USF-XSim-98] Fetching design files from 'sim_1'...
INFO: [USF-XSim-2] XSim::Compile design
INFO: [USF-XSim-61] Executing 'COMPILE and ANALYZE' step in 'C:/Users/utente/Desktop/Magistrale/Electronics/Bethe_Block/project_1/project_1.sim/sim_1/behav/xsim'
"xvhdl --incr --relax -prj TB_multiplier_vhdl.prj"
INFO: [VRFC 10-163] Analyzing VHDL file "C:/Users/utente/Desktop/Magistrale/Electronics/Bethe_Block/project_1/project_1.srcs/sim_1/new/TB_multiplier.vhd" into library xil_defaultlib
INFO: [VRFC 10-3107] analyzing entity 'TB_multiplier'
ERROR: [VRFC 10-4982] syntax error near 'wait' [C:/Users/utente/Desktop/Magistrale/Electronics/Bethe_Block/project_1/project_1.srcs/sim_1/new/TB_multiplier.vhd:53]
ERROR: [VRFC 10-9458] unit 'behavioral' is ignored due to previous errors [C:/Users/utente/Desktop/Magistrale/Electronics/Bethe_Block/project_1/project_1.srcs/sim_1/new/TB_multiplier.vhd:17]
INFO: [VRFC 10-8704] VHDL file 'C:/Users/utente/Desktop/Magistrale/Electronics/Bethe_Block/project_1/project_1.srcs/sim_1/new/TB_multiplier.vhd' is ignored due to errors
INFO: [USF-XSim-69] 'compile' step finished in '1' seconds
INFO: [USF-XSim-99] Step results log file:'C:/Users/utente/Desktop/Magistrale/Electronics/Bethe_Block/project_1/project_1.sim/sim_1/behav/xsim/xvhdl.log'
ERROR: [USF-XSim-62] 'compile' step failed with error(s). Please check the Tcl console output or 'C:/Users/utente/Desktop/Magistrale/Electronics/Bethe_Block/project_1/project_1.sim/sim_1/behav/xsim/xvhdl.log' file for more information.
ERROR: [Vivado 12-4473] Detected error while running simulation. Please correct the issue and retry this operation.
ERROR: [Common 17-39] 'launch_simulation' failed due to earlier errors.
WARNING: [filemgmt 56-199] Attempt to get parsing info during refresh. "On-the-fly" syntax checking information may be incorrect. [C:\Users\utente\Desktop\Magistrale\Electronics\Bethe_Block\project_1\project_1.srcs\sim_1\new\TB_multiplier.vhd:]
WARNING: [filemgmt 56-199] Attempt to get parsing info during refresh. "On-the-fly" syntax checking information may be incorrect. [C:\Users\utente\Desktop\Magistrale\Electronics\Bethe_Block\project_1\project_1.srcs\sources_1\new\Multiply.vhd:]
ERROR: [Common 17-180] Spawn failed: No error
launch_simulation
Command: launch_simulation 
INFO: [Vivado 12-12493] Simulation top is 'TB_multiplier'
WARNING: [Vivado 12-13340] Unable to auto find GCC executables from simulator install path! (path not set)
INFO: [Vivado 12-5682] Launching behavioral simulation in 'C:/Users/utente/Desktop/Magistrale/Electronics/Bethe_Block/project_1/project_1.sim/sim_1/behav/xsim'
INFO: [SIM-utils-51] Simulation object is 'sim_1'
INFO: [SIM-utils-72] Using boost library from 'C:/Users/utente/Desktop/Xilinx/Vivado/2023.2/tps/boost_1_72_0'
INFO: [SIM-utils-54] Inspecting design source files for 'TB_multiplier' in fileset 'sim_1'...
INFO: [USF-XSim-97] Finding global include files...
INFO: [USF-XSim-98] Fetching design files from 'sim_1'...
INFO: [USF-XSim-2] XSim::Compile design
INFO: [USF-XSim-61] Executing 'COMPILE and ANALYZE' step in 'C:/Users/utente/Desktop/Magistrale/Electronics/Bethe_Block/project_1/project_1.sim/sim_1/behav/xsim'
"xvhdl --incr --relax -prj TB_multiplier_vhdl.prj"
INFO: [VRFC 10-163] Analyzing VHDL file "C:/Users/utente/Desktop/Magistrale/Electronics/Bethe_Block/project_1/project_1.srcs/sim_1/new/TB_multiplier.vhd" into library xil_defaultlib
INFO: [VRFC 10-3107] analyzing entity 'TB_multiplier'
INFO: [USF-XSim-69] 'compile' step finished in '1' seconds
INFO: [USF-XSim-3] XSim::Elaborate design
INFO: [USF-XSim-61] Executing 'ELABORATE' step in 'C:/Users/utente/Desktop/Magistrale/Electronics/Bethe_Block/project_1/project_1.sim/sim_1/behav/xsim'
"xelab --incr --debug typical --relax --mt 2 -L xil_defaultlib -L secureip --snapshot TB_multiplier_behav xil_defaultlib.TB_multiplier -log elaborate.log"
Vivado Simulator v2023.2
Copyright 1986-2022 Xilinx, Inc. All Rights Reserved.
Copyright 2022-2023 Advanced Micro Devices, Inc. All Rights Reserved.
Running: C:/Users/utente/Desktop/Xilinx/Vivado/2023.2/bin/unwrapped/win64.o/xelab.exe --incr --debug typical --relax --mt 2 -L xil_defaultlib -L secureip --snapshot TB_multiplier_behav xil_defaultlib.TB_multiplier -log elaborate.log 
Using 2 slave threads.
Starting static elaboration
WARNING: [VRFC 10-4940] 'multiplier' remains a black box since it has no binding entity [C:/Users/utente/Desktop/Magistrale/Electronics/Bethe_Block/project_1/project_1.srcs/sim_1/new/TB_multiplier.vhd:36]
Completed static elaboration
Starting simulation data flow analysis
Completed simulation data flow analysis
Time Resolution for simulation is 1ps
Compiling package std.standard
Compiling package std.textio
Compiling package ieee.std_logic_1164
Compiling architecture behavioral of entity xil_defaultlib.tb_multiplier
Built simulation snapshot TB_multiplier_behav
INFO: [USF-XSim-69] 'elaborate' step finished in '2' seconds
INFO: [USF-XSim-4] XSim::Simulate design
INFO: [USF-XSim-61] Executing 'SIMULATE' step in 'C:/Users/utente/Desktop/Magistrale/Electronics/Bethe_Block/project_1/project_1.sim/sim_1/behav/xsim'
INFO: [USF-XSim-98] *** Running xsim
   with args "TB_multiplier_behav -key {Behavioral:sim_1:Functional:TB_multiplier} -tclbatch {TB_multiplier.tcl} -log {simulate.log}"
INFO: [USF-XSim-8] Loading simulator feature
Time resolution is 1 ps
source TB_multiplier.tcl
# set curr_wave [current_wave_config]
# if { [string length $curr_wave] == 0 } {
#   if { [llength [get_objects]] > 0} {
#     add_wave /
#     set_property needs_save false [current_wave_config]
#   } else {
#      send_msg_id Add_Wave-1 WARNING "No top level signals found. Simulator will start without a wave window. If you want to open a wave window go to 'File->New Waveform Configuration' or type 'create_wave_config' in the TCL console."
#   }
# }
# run 1000ns
INFO: [USF-XSim-96] XSim completed. Design snapshot 'TB_multiplier_behav' loaded.
INFO: [USF-XSim-97] XSim simulation ran for 1000ns
launch_simulation: Time (s): cpu = 00:00:00 ; elapsed = 00:00:06 . Memory (MB): peak = 1750.305 ; gain = 0.000
WARNING: [filemgmt 56-199] Attempt to get parsing info during refresh. "On-the-fly" syntax checking information may be incorrect. [C:\Users\utente\Desktop\Magistrale\Electronics\Bethe_Block\project_1\project_1.srcs\sim_1\new\TB_multiplier.vhd:]
WARNING: [filemgmt 56-199] Attempt to get parsing info during refresh. "On-the-fly" syntax checking information may be incorrect. [C:\Users\utente\Desktop\Magistrale\Electronics\Bethe_Block\project_1\project_1.srcs\sources_1\new\Multiply.vhd:]
ERROR: [Common 17-180] Spawn failed: No error
close_sim
INFO: [Simtcl 6-16] Simulation closed
launch_simulation
Command: launch_simulation 
INFO: [Vivado 12-12493] Simulation top is 'TB_multiplier'
WARNING: [Vivado 12-13340] Unable to auto find GCC executables from simulator install path! (path not set)
INFO: [Vivado 12-5682] Launching behavioral simulation in 'C:/Users/utente/Desktop/Magistrale/Electronics/Bethe_Block/project_1/project_1.sim/sim_1/behav/xsim'
INFO: [SIM-utils-51] Simulation object is 'sim_1'
INFO: [SIM-utils-72] Using boost library from 'C:/Users/utente/Desktop/Xilinx/Vivado/2023.2/tps/boost_1_72_0'
INFO: [SIM-utils-54] Inspecting design source files for 'TB_multiplier' in fileset 'sim_1'...
INFO: [USF-XSim-97] Finding global include files...
INFO: [USF-XSim-98] Fetching design files from 'sim_1'...
INFO: [USF-XSim-2] XSim::Compile design
INFO: [USF-XSim-61] Executing 'COMPILE and ANALYZE' step in 'C:/Users/utente/Desktop/Magistrale/Electronics/Bethe_Block/project_1/project_1.sim/sim_1/behav/xsim'
"xvhdl --incr --relax -prj TB_multiplier_vhdl.prj"
INFO: [VRFC 10-163] Analyzing VHDL file "C:/Users/utente/Desktop/Magistrale/Electronics/Bethe_Block/project_1/project_1.srcs/sim_1/new/TB_multiplier.vhd" into library xil_defaultlib
INFO: [VRFC 10-3107] analyzing entity 'TB_multiplier'
INFO: [USF-XSim-69] 'compile' step finished in '1' seconds
INFO: [USF-XSim-3] XSim::Elaborate design
INFO: [USF-XSim-61] Executing 'ELABORATE' step in 'C:/Users/utente/Desktop/Magistrale/Electronics/Bethe_Block/project_1/project_1.sim/sim_1/behav/xsim'
"xelab --incr --debug typical --relax --mt 2 -L xil_defaultlib -L secureip --snapshot TB_multiplier_behav xil_defaultlib.TB_multiplier -log elaborate.log"
Vivado Simulator v2023.2
Copyright 1986-2022 Xilinx, Inc. All Rights Reserved.
Copyright 2022-2023 Advanced Micro Devices, Inc. All Rights Reserved.
Running: C:/Users/utente/Desktop/Xilinx/Vivado/2023.2/bin/unwrapped/win64.o/xelab.exe --incr --debug typical --relax --mt 2 -L xil_defaultlib -L secureip --snapshot TB_multiplier_behav xil_defaultlib.TB_multiplier -log elaborate.log 
Using 2 slave threads.
Starting static elaboration
WARNING: [VRFC 10-4940] 'multiplier' remains a black box since it has no binding entity [C:/Users/utente/Desktop/Magistrale/Electronics/Bethe_Block/project_1/project_1.srcs/sim_1/new/TB_multiplier.vhd:36]
Completed static elaboration
Starting simulation data flow analysis
Completed simulation data flow analysis
Time Resolution for simulation is 1ps
Compiling package std.standard
Compiling package std.textio
Compiling package ieee.std_logic_1164
Compiling architecture behavioral of entity xil_defaultlib.tb_multiplier
Built simulation snapshot TB_multiplier_behav
INFO: [USF-XSim-69] 'elaborate' step finished in '2' seconds
INFO: [USF-XSim-4] XSim::Simulate design
INFO: [USF-XSim-61] Executing 'SIMULATE' step in 'C:/Users/utente/Desktop/Magistrale/Electronics/Bethe_Block/project_1/project_1.sim/sim_1/behav/xsim'
INFO: [USF-XSim-98] *** Running xsim
   with args "TB_multiplier_behav -key {Behavioral:sim_1:Functional:TB_multiplier} -tclbatch {TB_multiplier.tcl} -log {simulate.log}"
INFO: [USF-XSim-8] Loading simulator feature
Time resolution is 1 ps
source TB_multiplier.tcl
# set curr_wave [current_wave_config]
# if { [string length $curr_wave] == 0 } {
#   if { [llength [get_objects]] > 0} {
#     add_wave /
#     set_property needs_save false [current_wave_config]
#   } else {
#      send_msg_id Add_Wave-1 WARNING "No top level signals found. Simulator will start without a wave window. If you want to open a wave window go to 'File->New Waveform Configuration' or type 'create_wave_config' in the TCL console."
#   }
# }
# run 1000ns
INFO: [USF-XSim-96] XSim completed. Design snapshot 'TB_multiplier_behav' loaded.
INFO: [USF-XSim-97] XSim simulation ran for 1000ns
close_sim
INFO: [Simtcl 6-16] Simulation closed
exit
INFO: [Common 17-206] Exiting Vivado at Thu Oct  3 13:57:19 2024...
