#-----------------------------------------------------------
# Vivado v2023.2 (64-bit)
# SW Build 4029153 on Fri Oct 13 20:14:34 MDT 2023
# IP Build 4028589 on Sat Oct 14 00:45:43 MDT 2023
# SharedData Build 4025554 on Tue Oct 10 17:18:54 MDT 2023
# Start of session at: Thu Oct 31 15:32:07 2024
# Process ID: 41960
# Current directory: C:/Users/utente/Desktop/CARRIER/Magistrale/Electronics/Bethe_Block/project_1/project_1.runs/c_addsub_0_synth_1
# Command line: vivado.exe -log c_addsub_0.vds -product Vivado -mode batch -messageDb vivado.pb -notrace -source c_addsub_0.tcl
# Log file: C:/Users/utente/Desktop/CARRIER/Magistrale/Electronics/Bethe_Block/project_1/project_1.runs/c_addsub_0_synth_1/c_addsub_0.vds
# Journal file: C:/Users/utente/Desktop/CARRIER/Magistrale/Electronics/Bethe_Block/project_1/project_1.runs/c_addsub_0_synth_1\vivado.jou
# Running On: MSI, OS: Windows, CPU Frequency: 2918 MHz, CPU Physical cores: 14, Host memory: 68406 MB
#-----------------------------------------------------------
source c_addsub_0.tcl -notrace
